###############################################################################
#
# IAR ELF Linker V8.50.1.245/W32 for ARM                  05/Apr/2021  13:59:41
# Copyright 2007-2020 IAR Systems AB.
#
#    Output file  =
#        C:\Users\nico1\Documents\ST\Ultrasonic\EWARM\Ultrasonic\Exe\Ultrasonic.out
#    Map file     =
#        C:\Users\nico1\Documents\ST\Ultrasonic\EWARM\Ultrasonic\List\Ultrasonic.map
#    Command line =
#        -f C:\Users\nico1\AppData\Local\Temp\EWA60B.tmp
#        (C:\Users\nico1\Documents\ST\Ultrasonic\EWARM\Ultrasonic\Obj\display.o
#        C:\Users\nico1\Documents\ST\Ultrasonic\EWARM\Ultrasonic\Obj\fonts.o
#        C:\Users\nico1\Documents\ST\Ultrasonic\EWARM\Ultrasonic\Obj\main.o
#        C:\Users\nico1\Documents\ST\Ultrasonic\EWARM\Ultrasonic\Obj\ssd1306.o
#        C:\Users\nico1\Documents\ST\Ultrasonic\EWARM\Ultrasonic\Obj\startup_stm32f103xb.o
#        C:\Users\nico1\Documents\ST\Ultrasonic\EWARM\Ultrasonic\Obj\stm32f1xx_hal.o
#        C:\Users\nico1\Documents\ST\Ultrasonic\EWARM\Ultrasonic\Obj\stm32f1xx_hal_cortex.o
#        C:\Users\nico1\Documents\ST\Ultrasonic\EWARM\Ultrasonic\Obj\stm32f1xx_hal_dma.o
#        C:\Users\nico1\Documents\ST\Ultrasonic\EWARM\Ultrasonic\Obj\stm32f1xx_hal_exti.o
#        C:\Users\nico1\Documents\ST\Ultrasonic\EWARM\Ultrasonic\Obj\stm32f1xx_hal_flash.o
#        C:\Users\nico1\Documents\ST\Ultrasonic\EWARM\Ultrasonic\Obj\stm32f1xx_hal_flash_ex.o
#        C:\Users\nico1\Documents\ST\Ultrasonic\EWARM\Ultrasonic\Obj\stm32f1xx_hal_gpio.o
#        C:\Users\nico1\Documents\ST\Ultrasonic\EWARM\Ultrasonic\Obj\stm32f1xx_hal_gpio_ex.o
#        C:\Users\nico1\Documents\ST\Ultrasonic\EWARM\Ultrasonic\Obj\stm32f1xx_hal_i2c.o
#        C:\Users\nico1\Documents\ST\Ultrasonic\EWARM\Ultrasonic\Obj\stm32f1xx_hal_msp.o
#        C:\Users\nico1\Documents\ST\Ultrasonic\EWARM\Ultrasonic\Obj\stm32f1xx_hal_pwr.o
#        C:\Users\nico1\Documents\ST\Ultrasonic\EWARM\Ultrasonic\Obj\stm32f1xx_hal_rcc.o
#        C:\Users\nico1\Documents\ST\Ultrasonic\EWARM\Ultrasonic\Obj\stm32f1xx_hal_rcc_ex.o
#        C:\Users\nico1\Documents\ST\Ultrasonic\EWARM\Ultrasonic\Obj\stm32f1xx_hal_tim.o
#        C:\Users\nico1\Documents\ST\Ultrasonic\EWARM\Ultrasonic\Obj\stm32f1xx_hal_tim_ex.o
#        C:\Users\nico1\Documents\ST\Ultrasonic\EWARM\Ultrasonic\Obj\stm32f1xx_it.o
#        C:\Users\nico1\Documents\ST\Ultrasonic\EWARM\Ultrasonic\Obj\system_stm32f1xx.o
#        C:\Users\nico1\Documents\ST\Ultrasonic\EWARM\Ultrasonic\Obj\ultarsonic.o
#        --no_out_extension -o
#        C:\Users\nico1\Documents\ST\Ultrasonic\EWARM\Ultrasonic\Exe\Ultrasonic.out
#        --redirect _Printf=_PrintfFullNoMb --redirect _Scanf=_ScanfFullNoMb
#        --map
#        C:\Users\nico1\Documents\ST\Ultrasonic\EWARM\Ultrasonic\List\Ultrasonic.map
#        --config
#        C:\Users\nico1\Documents\ST\Ultrasonic\EWARM/stm32f103xb_flash.icf
#        --semihosting --entry __iar_program_start --vfe --text_out locale)
#
###############################################################################

*******************************************************************************
*** RUNTIME MODEL ATTRIBUTES
***

CppFlavor       = *
__SystemLibrary = DLib
__dlib_version  = 6


*******************************************************************************
*** HEAP SELECTION
***

The basic heap was selected because some modules are built with
size limitations (and not runtime checking), and --advanced_heap
was not specified.


*******************************************************************************
*** PLACEMENT SUMMARY
***

"A0":  place at address 0x800'0000 { ro section .intvec };
"P1":  place in [from 0x800'0000 to 0x801'ffff] { ro };
define block CSTACK with size = 1K, alignment = 8 { };
define block HEAP with size = 512, alignment = 8 { };
"P2":  place in [from 0x2000'0000 to 0x2000'4fff] {
          rw, block CSTACK, block HEAP };
initialize by copy { rw };

  Section            Kind         Address    Size  Object
  -------            ----         -------    ----  ------
"A0":                                        0xec
  .intvec            ro code   0x800'0000    0xec  startup_stm32f103xb.o [1]
                             - 0x800'00ec    0xec

"P1":                                      0x2bc2
  .text              ro code   0x800'00ec  0x10a8  stm32f1xx_hal_i2c.o [1]
  .text              ro code   0x800'1194     0x2  stm32f1xx_hal_i2c.o [1]
  .text              ro code   0x800'1196     0x2  stm32f1xx_hal_i2c.o [1]
  .text              ro code   0x800'1198     0x2  stm32f1xx_hal_i2c.o [1]
  .text              ro code   0x800'119a     0x2  stm32f1xx_hal_i2c.o [1]
  .text              ro code   0x800'119c     0x2  stm32f1xx_hal_i2c.o [1]
  .text              ro code   0x800'119e     0x2  stm32f1xx_hal_i2c.o [1]
  .text              ro code   0x800'11a0     0x2  stm32f1xx_hal_i2c.o [1]
  .text              ro code   0x800'11a2     0x2  stm32f1xx_hal_i2c.o [1]
  .text              ro code   0x800'11a4   0x242  stm32f1xx_hal_dma.o [1]
  .text              ro code   0x800'13e6     0x2  stm32f1xx_hal_i2c.o [1]
  .text              ro code   0x800'13e8     0x2  stm32f1xx_hal_i2c.o [1]
  .text              ro code   0x800'13ea    0x3a  zero_init3.o [4]
  .text              ro code   0x800'1424   0x628  stm32f1xx_hal_rcc.o [1]
  .text              ro code   0x800'1a4c     0xc  stm32f1xx_hal.o [1]
  .text              ro code   0x800'1a58    0x4c  stm32f1xx_hal.o [1]
  .text              ro code   0x800'1aa4    0x86  ABImemcpy.o [4]
  .text              ro code   0x800'1b2a    0x2e  copy_init3.o [4]
  .text              ro code   0x800'1b58   0x154  stm32f1xx_hal_cortex.o [1]
  .text              ro code   0x800'1cac   0x5f0  stm32f1xx_hal_tim.o [1]
  .text              ro code   0x800'229c   0x290  ultarsonic.o [1]
  .text              ro code   0x800'252c     0x2  stm32f1xx_hal_tim.o [1]
  .text              ro code   0x800'252e     0x2  stm32f1xx_hal_tim.o [1]
  .text              ro code   0x800'2530     0x2  stm32f1xx_hal_tim.o [1]
  .text              ro code   0x800'2532     0x2  stm32f1xx_hal_tim_ex.o [1]
  .text              ro code   0x800'2534     0x2  stm32f1xx_hal_tim.o [1]
  .text              ro code   0x800'2536     0x2  stm32f1xx_hal_tim_ex.o [1]
  .text              ro code   0x800'2538    0x14  memset.o [4]
  .text              ro code   0x800'254c    0x7c  stm32f1xx_hal_tim_ex.o [1]
  .text              ro code   0x800'25c8   0x278  stm32f1xx_hal_gpio.o [1]
  .text              ro code   0x800'2840    0x1c  U32ToFlt.o [3]
  .text              ro code   0x800'285c    0xd8  FltMul.o [3]
  .text              ro code   0x800'2934    0x2a  FltToS32.o [3]
  .rodata            const     0x800'295e     0x2  stm32f1xx_hal_rcc.o [1]
  .text              ro code   0x800'2960    0x66  ABImemset.o [4]
  .text              ro code   0x800'29c6    0x7a  main.o [1]
  .text              ro code   0x800'2a40    0x24  stm32f1xx_hal.o [1]
  .text              ro code   0x800'2a64    0x48  stm32f1xx_hal_msp.o [1]
  .text              ro code   0x800'2aac    0x78  stm32f1xx_it.o [1]
  .text              ro code   0x800'2b24    0x18  stm32f1xx_hal.o [1]
  .text              ro code   0x800'2b3c    0x28  data_init.o [4]
  .iar.init_table    const     0x800'2b64    0x24  - Linker created -
  .text              ro code   0x800'2b88    0x1e  cmain.o [4]
  .text              ro code   0x800'2ba6     0x4  low_level_init.o [2]
  .text              ro code   0x800'2baa     0x4  exit.o [2]
  .text              ro code   0x800'2bb0     0xa  cexit.o [4]
  .text              ro code   0x800'2bbc    0x14  exit.o [5]
  .rodata            const     0x800'2bd0    0x10  stm32f1xx_hal_rcc.o [1]
  .rodata            const     0x800'2be0    0x10  system_stm32f1xx.o [1]
  .text              ro code   0x800'2bf0    0x10  startup_stm32f103xb.o [1]
  .text              ro code   0x800'2c00     0xc  cstartup_M.o [4]
  Initializer bytes  const     0x800'2c0c     0xc  <for P2-1>
  .text              ro code   0x800'2c18     0x4  startup_stm32f103xb.o [1]
  .text              ro code   0x800'2c1c     0x4  startup_stm32f103xb.o [1]
  .text              ro code   0x800'2c20     0x4  startup_stm32f103xb.o [1]
  .text              ro code   0x800'2c24     0x4  startup_stm32f103xb.o [1]
  .text              ro code   0x800'2c28     0x4  startup_stm32f103xb.o [1]
  .text              ro code   0x800'2c2c     0x4  startup_stm32f103xb.o [1]
  .text              ro code   0x800'2c30     0x4  startup_stm32f103xb.o [1]
  .text              ro code   0x800'2c34     0x4  startup_stm32f103xb.o [1]
  .text              ro code   0x800'2c38     0x4  startup_stm32f103xb.o [1]
  .text              ro code   0x800'2c3c     0x4  startup_stm32f103xb.o [1]
  .text              ro code   0x800'2c40     0x4  startup_stm32f103xb.o [1]
  .text              ro code   0x800'2c44     0x4  startup_stm32f103xb.o [1]
  .text              ro code   0x800'2c48     0x4  startup_stm32f103xb.o [1]
  .text              ro code   0x800'2c4c     0x4  startup_stm32f103xb.o [1]
  .text              ro code   0x800'2c50     0x4  startup_stm32f103xb.o [1]
  .text              ro code   0x800'2c54     0x4  startup_stm32f103xb.o [1]
  .text              ro code   0x800'2c58     0x4  startup_stm32f103xb.o [1]
  .text              ro code   0x800'2c5c     0x4  startup_stm32f103xb.o [1]
  .text              ro code   0x800'2c60     0x4  startup_stm32f103xb.o [1]
  .text              ro code   0x800'2c64     0x4  startup_stm32f103xb.o [1]
  .text              ro code   0x800'2c68     0x4  startup_stm32f103xb.o [1]
  .text              ro code   0x800'2c6c     0x4  startup_stm32f103xb.o [1]
  .text              ro code   0x800'2c70     0x4  startup_stm32f103xb.o [1]
  .text              ro code   0x800'2c74     0x4  startup_stm32f103xb.o [1]
  .text              ro code   0x800'2c78     0x4  startup_stm32f103xb.o [1]
  .text              ro code   0x800'2c7c     0x4  startup_stm32f103xb.o [1]
  .text              ro code   0x800'2c80     0x4  startup_stm32f103xb.o [1]
  .text              ro code   0x800'2c84     0x4  startup_stm32f103xb.o [1]
  .text              ro code   0x800'2c88     0x4  startup_stm32f103xb.o [1]
  .text              ro code   0x800'2c8c     0x4  startup_stm32f103xb.o [1]
  .text              ro code   0x800'2c90     0x4  startup_stm32f103xb.o [1]
  .text              ro code   0x800'2c94     0x4  startup_stm32f103xb.o [1]
  .text              ro code   0x800'2c98     0x4  startup_stm32f103xb.o [1]
  .text              ro code   0x800'2c9c     0x4  startup_stm32f103xb.o [1]
  .text              ro code   0x800'2ca0     0x4  startup_stm32f103xb.o [1]
  .text              ro code   0x800'2ca4     0x4  startup_stm32f103xb.o [1]
  .text              ro code   0x800'2ca8     0x4  startup_stm32f103xb.o [1]
  .text              ro code   0x800'2cac     0x2  system_stm32f1xx.o [1]
  .rodata            const     0x800'2cae     0x0  zero_init3.o [4]
  .rodata            const     0x800'2cae     0x0  copy_init3.o [4]
                             - 0x800'2cae  0x2bc2

"P2", part 1 of 3:                            0xc
  P2-1                        0x2000'0000     0x9  <Init block>
    .data            inited   0x2000'0000     0x4  stm32f1xx_hal.o [1]
    .data            inited   0x2000'0004     0x4  system_stm32f1xx.o [1]
    .data            inited   0x2000'0008     0x1  stm32f1xx_hal.o [1]
                            - 0x2000'0009     0x9

"P2", part 2 of 3:                          0x13c
  .bss               zero     0x2000'000c    0x54  display.o [1]
  .bss               zero     0x2000'0060    0x48  ultarsonic.o [1]
  .bss               zero     0x2000'00a8    0x44  display.o [1]
  .bss               zero     0x2000'00ec    0x44  display.o [1]
  .bss               zero     0x2000'0130     0x4  stm32f1xx_hal.o [1]
  .bss               zero     0x2000'0134     0x4  ultarsonic.o [1]
  .bss               zero     0x2000'0138     0x4  ultarsonic.o [1]
  .bss               zero     0x2000'013c     0x4  ultarsonic.o [1]
  .bss               zero     0x2000'0140     0x4  ultarsonic.o [1]
  .bss               zero     0x2000'0144     0x2  ultarsonic.o [1]
  .bss               zero     0x2000'0146     0x1  ultarsonic.o [1]
  .bss               zero     0x2000'0147     0x1  ultarsonic.o [1]
                            - 0x2000'0148   0x13c

"P2", part 3 of 3:                          0x400
  CSTACK                      0x2000'0148   0x400  <Block>
    CSTACK           uninit   0x2000'0148   0x400  <Block tail>
                            - 0x2000'0548   0x400

Unused ranges:

         From           To      Size
         ----           --      ----
   0x800'2cae   0x801'ffff  0x1'd352
  0x2000'0548  0x2000'4fff    0x4ab8


*******************************************************************************
*** INIT TABLE
***

          Address      Size
          -------      ----
Zero (__iar_zero_init3)
    1 destination range, total size 0x13c:
          0x2000'000c  0x13c

Copy (__iar_copy_init3)
    1 source range, total size 0xc (133% of destination):
           0x800'2c0c    0xc
    1 destination range, total size 0x9:
          0x2000'0000    0x9



*******************************************************************************
*** MODULE SUMMARY
***

    Module                  ro code  ro data  rw data
    ------                  -------  -------  -------
command line/config:
    -------------------------------------------------
    Total:

C:\Users\nico1\Documents\ST\Ultrasonic\EWARM\Ultrasonic\Obj: [1]
    display.o                                     220
    main.o                      122
    startup_stm32f103xb.o       400
    stm32f1xx_hal.o             148        5        9
    stm32f1xx_hal_cortex.o      340
    stm32f1xx_hal_dma.o         578
    stm32f1xx_hal_gpio.o        632
    stm32f1xx_hal_i2c.o       4'284
    stm32f1xx_hal_msp.o          72
    stm32f1xx_hal_rcc.o       1'576       18
    stm32f1xx_hal_tim.o       1'528
    stm32f1xx_hal_tim_ex.o      128
    stm32f1xx_it.o              120
    system_stm32f1xx.o            2       20        4
    ultarsonic.o                656                92
    -------------------------------------------------
    Total:                   10'586       43      325

dl7M_tln.a: [2]
    exit.o                        4
    low_level_init.o              4
    -------------------------------------------------
    Total:                        8

m7M_tl.a: [3]
    FltMul.o                    216
    FltToS32.o                   42
    U32ToFlt.o                   28
    -------------------------------------------------
    Total:                      286

rt7M_tl.a: [4]
    ABImemcpy.o                 134
    ABImemset.o                 102
    cexit.o                      10
    cmain.o                      30
    copy_init3.o                 46
    cstartup_M.o                 12
    data_init.o                  40
    memset.o                     20
    zero_init3.o                 58
    -------------------------------------------------
    Total:                      452

shb_l.a: [5]
    exit.o                       20
    -------------------------------------------------
    Total:                       20

    Gaps                          4
    Linker created                        39    1'024
-----------------------------------------------------
    Grand Total:             11'356       82    1'349


*******************************************************************************
*** ENTRY LIST
***

Entry                       Address   Size  Type      Object
-----                       -------   ----  ----      ------
.iar.init_table$$Base    0x800'2b64          --   Gb  - Linker created -
.iar.init_table$$Limit   0x800'2b88          --   Gb  - Linker created -
?main                    0x800'2b89         Code  Gb  cmain.o [4]
AHBPrescTable            0x800'2be0   0x10  Data  Gb  system_stm32f1xx.o [1]
BusFault_Handler         0x800'2ab3    0x2  Code  Gb  stm32f1xx_it.o [1]
CSTACK$$Base            0x2000'0148          --   Gb  - Linker created -
CSTACK$$Limit           0x2000'0548          --   Gb  - Linker created -
DMA1_Channel6_IRQHandler
                         0x800'2ac5    0xa  Code  Gb  stm32f1xx_it.o [1]
DMA1_Channel7_IRQHandler
                         0x800'2acf    0xa  Code  Gb  stm32f1xx_it.o [1]
DebugMon_Handler         0x800'2ab9    0x2  Code  Gb  stm32f1xx_it.o [1]
EXTI15_10_IRQHandler     0x800'2aed   0x1a  Code  Gb  stm32f1xx_it.o [1]
HAL_DMA_Abort_IT         0x800'11a5   0xb4  Code  Gb  stm32f1xx_hal_dma.o [1]
HAL_DMA_GetState         0x800'13e1    0x6  Code  Gb  stm32f1xx_hal_dma.o [1]
HAL_DMA_IRQHandler       0x800'1259  0x16a  Code  Gb  stm32f1xx_hal_dma.o [1]
HAL_GPIO_EXTI_Callback   0x800'2417   0x4a  Code  Gb  ultarsonic.o [1]
HAL_GPIO_Init            0x800'25c9  0x21e  Code  Gb  stm32f1xx_hal_gpio.o [1]
HAL_GPIO_WritePin        0x800'27e7   0x1a  Code  Gb  stm32f1xx_hal_gpio.o [1]
HAL_GetTick              0x800'1a4d    0xc  Code  Wk  stm32f1xx_hal.o [1]
HAL_I2C_ER_IRQHandler    0x800'02ab   0xf8  Code  Gb  stm32f1xx_hal_i2c.o [1]
HAL_I2C_EV_IRQHandler    0x800'00ed  0x1be  Code  Gb  stm32f1xx_hal_i2c.o [1]
HAL_IncTick              0x800'2b25   0x18  Code  Wk  stm32f1xx_hal.o [1]
HAL_Init                 0x800'2a41   0x20  Code  Gb  stm32f1xx_hal.o [1]
HAL_InitTick             0x800'1a59   0x4c  Code  Wk  stm32f1xx_hal.o [1]
HAL_MspInit              0x800'2a65   0x48  Code  Gb  stm32f1xx_hal_msp.o [1]
HAL_NVIC_EnableIRQ       0x800'1c71    0xe  Code  Gb  stm32f1xx_hal_cortex.o [1]
HAL_NVIC_SetPriority     0x800'1c47   0x2a  Code  Gb  stm32f1xx_hal_cortex.o [1]
HAL_NVIC_SetPriorityGrouping
                         0x800'1c3b    0xc  Code  Gb  stm32f1xx_hal_cortex.o [1]
HAL_RCC_ClockConfig      0x800'1825  0x14e  Code  Gb  stm32f1xx_hal_rcc.o [1]
HAL_RCC_GetSysClockFreq
                         0x800'1973   0x70  Code  Gb  stm32f1xx_hal_rcc.o [1]
HAL_RCC_OscConfig        0x800'1425  0x400  Code  Gb  stm32f1xx_hal_rcc.o [1]
HAL_SYSTICK_Config       0x800'1c7f    0xc  Code  Gb  stm32f1xx_hal_cortex.o [1]
HAL_TIMEx_BreakCallback
                         0x800'2533    0x2  Code  Wk  stm32f1xx_hal_tim_ex.o [1]
HAL_TIMEx_CommutCallback
                         0x800'2537    0x2  Code  Wk  stm32f1xx_hal_tim_ex.o [1]
HAL_TIMEx_MasterConfigSynchronization
                         0x800'254d   0x6e  Code  Gb  stm32f1xx_hal_tim_ex.o [1]
HAL_TIM_IC_CaptureCallback
                         0x800'2461   0x96  Code  Gb  ultarsonic.o [1]
HAL_TIM_IC_CaptureCallback::icEnd
                        0x2000'013c    0x4  Data  Lc  ultarsonic.o [1]
HAL_TIM_IC_CaptureCallback::icStart
                        0x2000'0138    0x4  Data  Lc  ultarsonic.o [1]
HAL_TIM_IC_CaptureCallback::timeDiff
                        0x2000'0140    0x4  Data  Lc  ultarsonic.o [1]
HAL_TIM_IC_ConfigChannel
                         0x800'2007   0xca  Code  Gb  stm32f1xx_hal_tim.o [1]
HAL_TIM_IC_Init          0x800'1cad   0x6e  Code  Gb  stm32f1xx_hal_tim.o [1]
HAL_TIM_IC_MspInit       0x800'23af   0x68  Code  Gb  ultarsonic.o [1]
HAL_TIM_IC_Start_IT      0x800'1d1b  0x16a  Code  Gb  stm32f1xx_hal_tim.o [1]
HAL_TIM_IRQHandler       0x800'1e91  0x176  Code  Gb  stm32f1xx_hal_tim.o [1]
HAL_TIM_ReadCapturedValue
                         0x800'20d1   0x3a  Code  Gb  stm32f1xx_hal_tim.o [1]
HardFault_Handler        0x800'2aaf    0x2  Code  Gb  stm32f1xx_it.o [1]
I2C1_ER_IRQHandler       0x800'2ae3    0xa  Code  Gb  stm32f1xx_it.o [1]
I2C1_EV_IRQHandler       0x800'2ad9    0xa  Code  Gb  stm32f1xx_it.o [1]
I2C_ConvertOtherXferOptions
                         0x800'1179   0x1c  Code  Lc  stm32f1xx_hal_i2c.o [1]
I2C_DMAAbort             0x800'1035   0xf6  Code  Lc  stm32f1xx_hal_i2c.o [1]
I2C_ITError              0x800'0e9b  0x196  Code  Lc  stm32f1xx_hal_i2c.o [1]
I2C_MasterReceive_BTF    0x800'06c9  0x128  Code  Lc  stm32f1xx_hal_i2c.o [1]
I2C_MasterReceive_RXNE   0x800'05e5   0xe4  Code  Lc  stm32f1xx_hal_i2c.o [1]
I2C_MasterTransmit_BTF   0x800'048b   0x8e  Code  Lc  stm32f1xx_hal_i2c.o [1]
I2C_MasterTransmit_TXE   0x800'03a3   0xe8  Code  Lc  stm32f1xx_hal_i2c.o [1]
I2C_Master_ADD10         0x800'08a3   0x32  Code  Lc  stm32f1xx_hal_i2c.o [1]
I2C_Master_ADDR          0x800'08d5  0x258  Code  Lc  stm32f1xx_hal_i2c.o [1]
I2C_Master_SB            0x800'07f1   0xb2  Code  Lc  stm32f1xx_hal_i2c.o [1]
I2C_MemoryTransmit_TXE_BTF
                         0x800'0519   0xcc  Code  Lc  stm32f1xx_hal_i2c.o [1]
I2C_SlaveReceive_BTF     0x800'0be5   0x1c  Code  Lc  stm32f1xx_hal_i2c.o [1]
I2C_SlaveReceive_RXNE    0x800'0b97   0x4e  Code  Lc  stm32f1xx_hal_i2c.o [1]
I2C_SlaveTransmit_BTF    0x800'0b7b   0x1c  Code  Lc  stm32f1xx_hal_i2c.o [1]
I2C_SlaveTransmit_TXE    0x800'0b2d   0x4e  Code  Lc  stm32f1xx_hal_i2c.o [1]
I2C_Slave_ADDR           0x800'0c01   0x5c  Code  Lc  stm32f1xx_hal_i2c.o [1]
I2C_Slave_AF             0x800'0df7   0xa4  Code  Lc  stm32f1xx_hal_i2c.o [1]
I2C_Slave_STOPF          0x800'0c5d  0x19a  Code  Lc  stm32f1xx_hal_i2c.o [1]
I2C_WaitOnSTOPRequestThroughIT
                         0x800'112b   0x46  Code  Lc  stm32f1xx_hal_i2c.o [1]
MemManage_Handler        0x800'2ab1    0x2  Code  Gb  stm32f1xx_it.o [1]
NMI_Handler              0x800'2aad    0x2  Code  Gb  stm32f1xx_it.o [1]
NVIC_EncodePriority      0x800'1bcb   0x40  Code  Lc  stm32f1xx_hal_cortex.o [1]
PendSV_Handler           0x800'2abb    0x2  Code  Gb  stm32f1xx_it.o [1]
RCC_Delay                0x800'19e3   0x26  Code  Lc  stm32f1xx_hal_rcc.o [1]
Region$$Table$$Base      0x800'2b64          --   Gb  - Linker created -
Region$$Table$$Limit     0x800'2b88          --   Gb  - Linker created -
SVC_Handler              0x800'2ab7    0x2  Code  Gb  stm32f1xx_it.o [1]
SysTick_Config           0x800'1c0b   0x30  Code  Lc  stm32f1xx_hal_cortex.o [1]
SysTick_Handler          0x800'2abd    0x8  Code  Gb  stm32f1xx_it.o [1]
SystemClock_Config       0x800'29d7   0x6a  Code  Gb  main.o [1]
SystemCoreClock         0x2000'0004    0x4  Data  Gb  system_stm32f1xx.o [1]
SystemInit               0x800'2cad    0x2  Code  Gb  system_stm32f1xx.o [1]
TIM1_CC_IRQHandler       0x800'2b07    0xa  Code  Gb  stm32f1xx_it.o [1]
TIM_Base_SetConfig       0x800'210b   0x64  Code  Gb  stm32f1xx_hal_tim.o [1]
TIM_CCxChannelCmd        0x800'2279   0x24  Code  Gb  stm32f1xx_hal_tim.o [1]
TIM_TI1_SetConfig        0x800'216f   0x5c  Code  Gb  stm32f1xx_hal_tim.o [1]
TIM_TI2_SetConfig        0x800'21d9   0x36  Code  Lc  stm32f1xx_hal_tim.o [1]
TIM_TI3_SetConfig        0x800'220f   0x34  Code  Lc  stm32f1xx_hal_tim.o [1]
TIM_TI4_SetConfig        0x800'2243   0x36  Code  Lc  stm32f1xx_hal_tim.o [1]
UsageFault_Handler       0x800'2ab5    0x2  Code  Gb  stm32f1xx_it.o [1]
__NVIC_EnableIRQ         0x800'1b81   0x1e  Code  Lc  stm32f1xx_hal_cortex.o [1]
__NVIC_GetPriorityGrouping
                         0x800'1b77    0xa  Code  Lc  stm32f1xx_hal_cortex.o [1]
__NVIC_SetPriority       0x800'1b9f   0x2c  Code  Lc  stm32f1xx_hal_cortex.o [1]
__NVIC_SetPriorityGrouping
                         0x800'1b59   0x1e  Code  Lc  stm32f1xx_hal_cortex.o [1]
__aeabi_f2iz             0x800'2935         Code  Gb  FltToS32.o [3]
__aeabi_fmul             0x800'285d         Code  Gb  FltMul.o [3]
__aeabi_memcpy4          0x800'1aa5         Code  Gb  ABImemcpy.o [4]
__aeabi_memcpy8          0x800'1aa5         Code  Gb  ABImemcpy.o [4]
__aeabi_memset           0x800'2961         Code  Gb  ABImemset.o [4]
__aeabi_ui2f             0x800'2841         Code  Gb  U32ToFlt.o [3]
__cmain                  0x800'2b89         Code  Gb  cmain.o [4]
__exit                   0x800'2bbd   0x14  Code  Gb  exit.o [5]
__iar_Memset             0x800'2961         Code  Gb  ABImemset.o [4]
__iar_Memset_word        0x800'2969         Code  Gb  ABImemset.o [4]
__iar_copy_init3         0x800'1b2b   0x2e  Code  Gb  copy_init3.o [4]
__iar_data_init3         0x800'2b3d   0x28  Code  Gb  data_init.o [4]
__iar_program_start      0x800'2c01         Code  Gb  cstartup_M.o [4]
__iar_zero_init3         0x800'13eb   0x3a  Code  Gb  zero_init3.o [4]
__low_level_init         0x800'2ba7    0x4  Code  Gb  low_level_init.o [2]
__vector_table           0x800'0000         Data  Gb  startup_stm32f103xb.o [1]
_call_main               0x800'2b95         Code  Gb  cmain.o [4]
_exit                    0x800'2bb1         Code  Gb  cexit.o [4]
_main                    0x800'2ba3         Code  Gb  cmain.o [4]
counter                 0x2000'0134    0x4  Data  Lc  ultarsonic.o [1]
distance                0x2000'0144    0x2  Data  Lc  ultarsonic.o [1]
exit                     0x800'2bab    0x4  Code  Gb  exit.o [2]
hdma_i2c1_rx            0x2000'00a8   0x44  Data  Gb  display.o [1]
hdma_i2c1_tx            0x2000'00ec   0x44  Data  Gb  display.o [1]
hi2c1                   0x2000'000c   0x54  Data  Gb  display.o [1]
htim1                   0x2000'0060   0x48  Data  Gb  ultarsonic.o [1]
main                     0x800'29c7   0x10  Code  Gb  main.o [1]
memset                   0x800'2539   0x14  Code  Gb  memset.o [4]
runningMeasurement      0x2000'0147    0x1  Data  Lc  ultarsonic.o [1]
startMeasurement        0x2000'0146    0x1  Data  Lc  ultarsonic.o [1]
ultrasonic_init          0x800'229d  0x112  Code  Gb  ultarsonic.o [1]
uwTick                  0x2000'0130    0x4  Data  Gb  stm32f1xx_hal.o [1]
uwTickFreq              0x2000'0008    0x1  Data  Gb  stm32f1xx_hal.o [1]
uwTickPrio              0x2000'0000    0x4  Data  Gb  stm32f1xx_hal.o [1]


[1] = C:\Users\nico1\Documents\ST\Ultrasonic\EWARM\Ultrasonic\Obj
[2] = dl7M_tln.a
[3] = m7M_tl.a
[4] = rt7M_tl.a
[5] = shb_l.a

  11'356 bytes of readonly  code memory
      82 bytes of readonly  data memory
   1'349 bytes of readwrite data memory

Errors: none
Warnings: none
