###############################################################################
#
# IAR ELF Linker V9.10.1.308/W64 for ARM                  23/Oct/2021  11:39:55
# Copyright 2007-2021 IAR Systems AB.
#
#    Output file  =
#        D:\GitHub\STM32F1XX_Ultrasonic\EWARM\Ultrasonic\Exe\Ultrasonic.out
#    Map file     =
#        D:\GitHub\STM32F1XX_Ultrasonic\EWARM\Ultrasonic\List\Ultrasonic.map
#    Command line =
#        -f
#        D:\GitHub\STM32F1XX_Ultrasonic\EWARM\Ultrasonic\Exe\Ultrasonic.out.rsp
#        (D:\GitHub\STM32F1XX_Ultrasonic\EWARM\Ultrasonic\Obj\Application\User\Core\display.o
#        D:\GitHub\STM32F1XX_Ultrasonic\EWARM\Ultrasonic\Obj\Application\User\Core\fonts.o
#        D:\GitHub\STM32F1XX_Ultrasonic\EWARM\Ultrasonic\Obj\Application\User\Core\main.o
#        D:\GitHub\STM32F1XX_Ultrasonic\EWARM\Ultrasonic\Obj\Application\User\Core\ssd1306.o
#        D:\GitHub\STM32F1XX_Ultrasonic\EWARM\Ultrasonic\Obj\Application\EWARM\startup_stm32f103xb.o
#        D:\GitHub\STM32F1XX_Ultrasonic\EWARM\Ultrasonic\Obj\Drivers\STM32F1xx_HAL_Driver\stm32f1xx_hal.o
#        D:\GitHub\STM32F1XX_Ultrasonic\EWARM\Ultrasonic\Obj\Drivers\STM32F1xx_HAL_Driver\stm32f1xx_hal_cortex.o
#        D:\GitHub\STM32F1XX_Ultrasonic\EWARM\Ultrasonic\Obj\Drivers\STM32F1xx_HAL_Driver\stm32f1xx_hal_dma.o
#        D:\GitHub\STM32F1XX_Ultrasonic\EWARM\Ultrasonic\Obj\Drivers\STM32F1xx_HAL_Driver\stm32f1xx_hal_exti.o
#        D:\GitHub\STM32F1XX_Ultrasonic\EWARM\Ultrasonic\Obj\Drivers\STM32F1xx_HAL_Driver\stm32f1xx_hal_flash.o
#        D:\GitHub\STM32F1XX_Ultrasonic\EWARM\Ultrasonic\Obj\Drivers\STM32F1xx_HAL_Driver\stm32f1xx_hal_flash_ex.o
#        D:\GitHub\STM32F1XX_Ultrasonic\EWARM\Ultrasonic\Obj\Drivers\STM32F1xx_HAL_Driver\stm32f1xx_hal_gpio.o
#        D:\GitHub\STM32F1XX_Ultrasonic\EWARM\Ultrasonic\Obj\Drivers\STM32F1xx_HAL_Driver\stm32f1xx_hal_gpio_ex.o
#        D:\GitHub\STM32F1XX_Ultrasonic\EWARM\Ultrasonic\Obj\Drivers\STM32F1xx_HAL_Driver\stm32f1xx_hal_i2c.o
#        D:\GitHub\STM32F1XX_Ultrasonic\EWARM\Ultrasonic\Obj\Application\User\Core\stm32f1xx_hal_msp.o
#        D:\GitHub\STM32F1XX_Ultrasonic\EWARM\Ultrasonic\Obj\Drivers\STM32F1xx_HAL_Driver\stm32f1xx_hal_pwr.o
#        D:\GitHub\STM32F1XX_Ultrasonic\EWARM\Ultrasonic\Obj\Drivers\STM32F1xx_HAL_Driver\stm32f1xx_hal_rcc.o
#        D:\GitHub\STM32F1XX_Ultrasonic\EWARM\Ultrasonic\Obj\Drivers\STM32F1xx_HAL_Driver\stm32f1xx_hal_rcc_ex.o
#        D:\GitHub\STM32F1XX_Ultrasonic\EWARM\Ultrasonic\Obj\Drivers\STM32F1xx_HAL_Driver\stm32f1xx_hal_tim.o
#        D:\GitHub\STM32F1XX_Ultrasonic\EWARM\Ultrasonic\Obj\Drivers\STM32F1xx_HAL_Driver\stm32f1xx_hal_tim_ex.o
#        D:\GitHub\STM32F1XX_Ultrasonic\EWARM\Ultrasonic\Obj\Application\User\Core\stm32f1xx_it.o
#        D:\GitHub\STM32F1XX_Ultrasonic\EWARM\Ultrasonic\Obj\Drivers\CMSIS\system_stm32f1xx.o
#        D:\GitHub\STM32F1XX_Ultrasonic\EWARM\Ultrasonic\Obj\Application\User\Core\ultarsonic.o
#        --no_out_extension -o
#        D:\GitHub\STM32F1XX_Ultrasonic\EWARM\Ultrasonic\Exe\Ultrasonic.out
#        --redirect _Printf=_PrintfFullNoMb --redirect _Scanf=_ScanfFullNoMb
#        --map
#        D:\GitHub\STM32F1XX_Ultrasonic\EWARM\Ultrasonic\List\Ultrasonic.map
#        --config D:\GitHub\STM32F1XX_Ultrasonic\EWARM/stm32f103xb_flash.icf
#        --semihosting --entry __iar_program_start --vfe --text_out locale)
#
###############################################################################

*******************************************************************************
*** RUNTIME MODEL ATTRIBUTES
***

CppFlavor       = *
__SystemLibrary = DLib
__dlib_version  = 6


*******************************************************************************
*** HEAP SELECTION
***

The basic heap was selected because no calls to memory allocation
functions were found in the application outside of system library
functions, and there are calls to deallocation functions in the
application.


*******************************************************************************
*** PLACEMENT SUMMARY
***

"A0":  place at address 0x800'0000 { ro section .intvec };
"P1":  place in [from 0x800'0000 to 0x801'ffff] { ro };
define block CSTACK with size = 1K, alignment = 8 { };
define block HEAP with size = 512, alignment = 8 { };
"P2":  place in [from 0x2000'0000 to 0x2000'4fff] {
          rw, block CSTACK, block HEAP };
initialize by copy { rw };

  Section            Kind         Address    Size  Object
  -------            ----         -------    ----  ------
"A0":                                        0xec
  .intvec            ro code   0x800'0000    0xec  startup_stm32f103xb.o [1]
                             - 0x800'00ec    0xec

"P1":                                      0x2cba
  .text              ro code   0x800'00ec  0x10a4  stm32f1xx_hal_i2c.o [4]
  .text              ro code   0x800'1190     0x2  stm32f1xx_hal_i2c.o [4]
  .text              ro code   0x800'1192     0x2  stm32f1xx_hal_i2c.o [4]
  .text              ro code   0x800'1194     0x2  stm32f1xx_hal_i2c.o [4]
  .text              ro code   0x800'1196     0x2  stm32f1xx_hal_i2c.o [4]
  .text              ro code   0x800'1198     0x2  stm32f1xx_hal_i2c.o [4]
  .text              ro code   0x800'119a     0x2  stm32f1xx_hal_i2c.o [4]
  .text              ro code   0x800'119c     0x2  stm32f1xx_hal_i2c.o [4]
  .text              ro code   0x800'119e     0x2  stm32f1xx_hal_i2c.o [4]
  .text              ro code   0x800'11a0   0x242  stm32f1xx_hal_dma.o [4]
  .text              ro code   0x800'13e2     0x2  stm32f1xx_hal_i2c.o [4]
  .text              ro code   0x800'13e4     0x2  stm32f1xx_hal_i2c.o [4]
  .text              ro code   0x800'13e6    0x2a  copy_init3.o [7]
  .text              ro code   0x800'1410   0x6d0  stm32f1xx_hal_rcc.o [4]
  .text              ro code   0x800'1ae0     0xc  stm32f1xx_hal.o [4]
  .text              ro code   0x800'1aec    0x4c  stm32f1xx_hal.o [4]
  .text              ro code   0x800'1b38    0x86  ABImemcpy.o [7]
  .rodata            const     0x800'1bbe     0x2  stm32f1xx_hal_rcc.o [4]
  .text              ro code   0x800'1bc0   0x154  stm32f1xx_hal_cortex.o [4]
  .text              ro code   0x800'1d14   0x5f0  stm32f1xx_hal_tim.o [4]
  .text              ro code   0x800'2304   0x2b8  ultarsonic.o [2]
  .text              ro code   0x800'25bc     0x2  stm32f1xx_hal_tim.o [4]
  .text              ro code   0x800'25be     0x2  stm32f1xx_hal_tim.o [4]
  .text              ro code   0x800'25c0     0x2  stm32f1xx_hal_tim.o [4]
  .text              ro code   0x800'25c2     0x2  stm32f1xx_hal_tim_ex.o [4]
  .text              ro code   0x800'25c4     0x2  stm32f1xx_hal_tim.o [4]
  .text              ro code   0x800'25c6     0x2  stm32f1xx_hal_tim_ex.o [4]
  .text              ro code   0x800'25c8    0x14  memset.o [7]
  .text              ro code   0x800'25dc    0x7c  stm32f1xx_hal_tim_ex.o [4]
  .text              ro code   0x800'2658   0x280  stm32f1xx_hal_gpio.o [4]
  .text              ro code   0x800'28d8    0x1a  U32ToFlt.o [6]
  .text              ro code   0x800'28f4    0xd8  FltMul.o [6]
  .text              ro code   0x800'29cc    0x26  FltToS32.o [6]
  .text              ro code   0x800'29f4    0x66  ABImemset.o [7]
  .text              ro code   0x800'2a5a    0x7e  main.o [2]
  .text              ro code   0x800'2ad8    0x28  stm32f1xx_hal.o [4]
  .text              ro code   0x800'2b00    0x58  stm32f1xx_hal_msp.o [2]
  .text              ro code   0x800'2b58    0x7c  stm32f1xx_it.o [2]
  .text              ro code   0x800'2bd4    0x18  stm32f1xx_hal.o [4]
  .text              ro code   0x800'2bec    0x38  zero_init3.o [7]
  .text              ro code   0x800'2c24    0x28  data_init.o [7]
  .iar.init_table    const     0x800'2c4c    0x24  - Linker created -
  .text              ro code   0x800'2c70    0x1e  cmain.o [7]
  .text              ro code   0x800'2c8e     0x4  low_level_init.o [5]
  .text              ro code   0x800'2c92     0x4  exit.o [5]
  .text              ro code   0x800'2c98     0xa  cexit.o [7]
  .text              ro code   0x800'2ca4    0x14  exit.o [8]
  .text              ro code   0x800'2cb8    0x1c  cstartup_M.o [7]
  .rodata            const     0x800'2cd4    0x10  stm32f1xx_hal_rcc.o [4]
  .rodata            const     0x800'2ce4    0x10  system_stm32f1xx.o [3]
  .text              ro code   0x800'2cf4    0x10  startup_stm32f103xb.o [1]
  Initializer bytes  const     0x800'2d04     0xc  <for P2-1>
  .text              ro code   0x800'2d10     0x4  startup_stm32f103xb.o [1]
  .text              ro code   0x800'2d14     0x4  startup_stm32f103xb.o [1]
  .text              ro code   0x800'2d18     0x4  startup_stm32f103xb.o [1]
  .text              ro code   0x800'2d1c     0x4  startup_stm32f103xb.o [1]
  .text              ro code   0x800'2d20     0x4  startup_stm32f103xb.o [1]
  .text              ro code   0x800'2d24     0x4  startup_stm32f103xb.o [1]
  .text              ro code   0x800'2d28     0x4  startup_stm32f103xb.o [1]
  .text              ro code   0x800'2d2c     0x4  startup_stm32f103xb.o [1]
  .text              ro code   0x800'2d30     0x4  startup_stm32f103xb.o [1]
  .text              ro code   0x800'2d34     0x4  startup_stm32f103xb.o [1]
  .text              ro code   0x800'2d38     0x4  startup_stm32f103xb.o [1]
  .text              ro code   0x800'2d3c     0x4  startup_stm32f103xb.o [1]
  .text              ro code   0x800'2d40     0x4  startup_stm32f103xb.o [1]
  .text              ro code   0x800'2d44     0x4  startup_stm32f103xb.o [1]
  .text              ro code   0x800'2d48     0x4  startup_stm32f103xb.o [1]
  .text              ro code   0x800'2d4c     0x4  startup_stm32f103xb.o [1]
  .text              ro code   0x800'2d50     0x4  startup_stm32f103xb.o [1]
  .text              ro code   0x800'2d54     0x4  startup_stm32f103xb.o [1]
  .text              ro code   0x800'2d58     0x4  startup_stm32f103xb.o [1]
  .text              ro code   0x800'2d5c     0x4  startup_stm32f103xb.o [1]
  .text              ro code   0x800'2d60     0x4  startup_stm32f103xb.o [1]
  .text              ro code   0x800'2d64     0x4  startup_stm32f103xb.o [1]
  .text              ro code   0x800'2d68     0x4  startup_stm32f103xb.o [1]
  .text              ro code   0x800'2d6c     0x4  startup_stm32f103xb.o [1]
  .text              ro code   0x800'2d70     0x4  startup_stm32f103xb.o [1]
  .text              ro code   0x800'2d74     0x4  startup_stm32f103xb.o [1]
  .text              ro code   0x800'2d78     0x4  startup_stm32f103xb.o [1]
  .text              ro code   0x800'2d7c     0x4  startup_stm32f103xb.o [1]
  .text              ro code   0x800'2d80     0x4  startup_stm32f103xb.o [1]
  .text              ro code   0x800'2d84     0x4  startup_stm32f103xb.o [1]
  .text              ro code   0x800'2d88     0x4  startup_stm32f103xb.o [1]
  .text              ro code   0x800'2d8c     0x4  startup_stm32f103xb.o [1]
  .text              ro code   0x800'2d90     0x4  startup_stm32f103xb.o [1]
  .text              ro code   0x800'2d94     0x4  startup_stm32f103xb.o [1]
  .text              ro code   0x800'2d98     0x4  startup_stm32f103xb.o [1]
  .text              ro code   0x800'2d9c     0x4  startup_stm32f103xb.o [1]
  .text              ro code   0x800'2da0     0x4  startup_stm32f103xb.o [1]
  .text              ro code   0x800'2da4     0x2  system_stm32f1xx.o [3]
  .rodata            const     0x800'2da6     0x0  zero_init3.o [7]
  .rodata            const     0x800'2da6     0x0  copy_init3.o [7]
                             - 0x800'2da6  0x2cba

"P2", part 1 of 3:                            0xc
  P2-1                        0x2000'0000     0x9  <Init block>
    .data            inited   0x2000'0000     0x4  stm32f1xx_hal.o [4]
    .data            inited   0x2000'0004     0x4  system_stm32f1xx.o [3]
    .data            inited   0x2000'0008     0x1  stm32f1xx_hal.o [4]
                            - 0x2000'0009     0x9

"P2", part 2 of 3:                          0x13c
  .bss               zero     0x2000'000c    0x54  display.o [2]
  .bss               zero     0x2000'0060    0x48  ultarsonic.o [2]
  .bss               zero     0x2000'00a8    0x44  display.o [2]
  .bss               zero     0x2000'00ec    0x44  display.o [2]
  .bss               zero     0x2000'0130     0x4  stm32f1xx_hal.o [4]
  .bss               zero     0x2000'0134     0x4  ultarsonic.o [2]
  .bss               zero     0x2000'0138     0x4  ultarsonic.o [2]
  .bss               zero     0x2000'013c     0x4  ultarsonic.o [2]
  .bss               zero     0x2000'0140     0x4  ultarsonic.o [2]
  .bss               zero     0x2000'0144     0x2  ultarsonic.o [2]
  .bss               zero     0x2000'0146     0x1  ultarsonic.o [2]
  .bss               zero     0x2000'0147     0x1  ultarsonic.o [2]
                            - 0x2000'0148   0x13c

"P2", part 3 of 3:                          0x400
  CSTACK                      0x2000'0148   0x400  <Block>
    CSTACK           uninit   0x2000'0148   0x400  <Block tail>
                            - 0x2000'0548   0x400

Unused ranges:

         From           To      Size
         ----           --      ----
   0x800'2da6   0x801'ffff  0x1'd25a
  0x2000'0548  0x2000'4fff    0x4ab8


*******************************************************************************
*** INIT TABLE
***

          Address      Size
          -------      ----
Zero (__iar_zero_init3)
    1 destination range, total size 0x13c:
          0x2000'000c  0x13c

Copy (__iar_copy_init3)
    1 source range, total size 0xc (133% of destination):
           0x800'2d04    0xc
    1 destination range, total size 0x9:
          0x2000'0000    0x9



*******************************************************************************
*** MODULE SUMMARY
***

    Module                  ro code  ro data  rw data
    ------                  -------  -------  -------
command line/config:
    -------------------------------------------------
    Total:

D:\GitHub\STM32F1XX_Ultrasonic\EWARM\Ultrasonic\Obj\Application\EWARM: [1]
    startup_stm32f103xb.o       400
    -------------------------------------------------
    Total:                      400

D:\GitHub\STM32F1XX_Ultrasonic\EWARM\Ultrasonic\Obj\Application\User\Core: [2]
    display.o                                     220
    main.o                      126
    stm32f1xx_hal_msp.o          88
    stm32f1xx_it.o              124
    ultarsonic.o                696                92
    -------------------------------------------------
    Total:                    1'034               312

D:\GitHub\STM32F1XX_Ultrasonic\EWARM\Ultrasonic\Obj\Drivers\CMSIS: [3]
    system_stm32f1xx.o            2       20        4
    -------------------------------------------------
    Total:                        2       20        4

D:\GitHub\STM32F1XX_Ultrasonic\EWARM\Ultrasonic\Obj\Drivers\STM32F1xx_HAL_Driver: [4]
    stm32f1xx_hal.o             152        5        9
    stm32f1xx_hal_cortex.o      340
    stm32f1xx_hal_dma.o         578
    stm32f1xx_hal_gpio.o        640
    stm32f1xx_hal_i2c.o       4'280
    stm32f1xx_hal_rcc.o       1'744       18
    stm32f1xx_hal_tim.o       1'528
    stm32f1xx_hal_tim_ex.o      128
    -------------------------------------------------
    Total:                    9'390       23        9

dl7M_tln.a: [5]
    exit.o                        4
    low_level_init.o              4
    -------------------------------------------------
    Total:                        8

m7M_tl.a: [6]
    FltMul.o                    216
    FltToS32.o                   38
    U32ToFlt.o                   26
    -------------------------------------------------
    Total:                      280

rt7M_tl.a: [7]
    ABImemcpy.o                 134
    ABImemset.o                 102
    cexit.o                      10
    cmain.o                      30
    copy_init3.o                 42
    cstartup_M.o                 28
    data_init.o                  40
    memset.o                     20
    zero_init3.o                 56
    -------------------------------------------------
    Total:                      462

shb_l.a: [8]
    exit.o                       20
    -------------------------------------------------
    Total:                       20

    Gaps                          8
    Linker created                        39    1'024
-----------------------------------------------------
    Grand Total:             11'604       82    1'349


*******************************************************************************
*** ENTRY LIST
***

Entry                       Address   Size  Type      Object
-----                       -------   ----  ----      ------
.iar.init_table$$Base    0x800'2c4c          --   Gb  - Linker created -
.iar.init_table$$Limit   0x800'2c70          --   Gb  - Linker created -
?main                    0x800'2c71         Code  Gb  cmain.o [7]
AHBPrescTable            0x800'2ce4   0x10  Data  Gb  system_stm32f1xx.o [3]
BusFault_Handler         0x800'2b5f    0x2  Code  Gb  stm32f1xx_it.o [2]
CSTACK$$Base            0x2000'0148          --   Gb  - Linker created -
CSTACK$$Limit           0x2000'0548          --   Gb  - Linker created -
DMA1_Channel6_IRQHandler
                         0x800'2b71    0xa  Code  Gb  stm32f1xx_it.o [2]
DMA1_Channel7_IRQHandler
                         0x800'2b7b    0xa  Code  Gb  stm32f1xx_it.o [2]
DebugMon_Handler         0x800'2b65    0x2  Code  Gb  stm32f1xx_it.o [2]
EXTI15_10_IRQHandler     0x800'2b99   0x1c  Code  Gb  stm32f1xx_it.o [2]
HAL_DMA_Abort_IT         0x800'11a1   0xb4  Code  Gb  stm32f1xx_hal_dma.o [4]
HAL_DMA_GetState         0x800'13dd    0x6  Code  Gb  stm32f1xx_hal_dma.o [4]
HAL_DMA_IRQHandler       0x800'1255  0x16a  Code  Gb  stm32f1xx_hal_dma.o [4]
HAL_GPIO_EXTI_Callback   0x800'2497   0x4a  Code  Gb  ultarsonic.o [2]
HAL_GPIO_Init            0x800'2659  0x226  Code  Gb  stm32f1xx_hal_gpio.o [4]
HAL_GPIO_WritePin        0x800'287f   0x1a  Code  Gb  stm32f1xx_hal_gpio.o [4]
HAL_GetTick              0x800'1ae1    0xc  Code  Gb  stm32f1xx_hal.o [4]
HAL_I2C_AbortCpltCallback
                         0x800'13e5    0x2  Code  Gb  stm32f1xx_hal_i2c.o [4]
HAL_I2C_AddrCallback     0x800'119f    0x2  Code  Gb  stm32f1xx_hal_i2c.o [4]
HAL_I2C_ER_IRQHandler    0x800'02a7   0xf8  Code  Gb  stm32f1xx_hal_i2c.o [4]
HAL_I2C_EV_IRQHandler    0x800'00ed  0x1ba  Code  Gb  stm32f1xx_hal_i2c.o [4]
HAL_I2C_ErrorCallback    0x800'1199    0x2  Code  Gb  stm32f1xx_hal_i2c.o [4]
HAL_I2C_ListenCpltCallback
                         0x800'13e3    0x2  Code  Gb  stm32f1xx_hal_i2c.o [4]
HAL_I2C_MasterRxCpltCallback
                         0x800'1197    0x2  Code  Gb  stm32f1xx_hal_i2c.o [4]
HAL_I2C_MasterTxCpltCallback
                         0x800'1191    0x2  Code  Gb  stm32f1xx_hal_i2c.o [4]
HAL_I2C_MemRxCpltCallback
                         0x800'1195    0x2  Code  Gb  stm32f1xx_hal_i2c.o [4]
HAL_I2C_MemTxCpltCallback
                         0x800'1193    0x2  Code  Gb  stm32f1xx_hal_i2c.o [4]
HAL_I2C_SlaveRxCpltCallback
                         0x800'119d    0x2  Code  Gb  stm32f1xx_hal_i2c.o [4]
HAL_I2C_SlaveTxCpltCallback
                         0x800'119b    0x2  Code  Gb  stm32f1xx_hal_i2c.o [4]
HAL_IncTick              0x800'2bd5   0x18  Code  Gb  stm32f1xx_hal.o [4]
HAL_Init                 0x800'2ad9   0x22  Code  Gb  stm32f1xx_hal.o [4]
HAL_InitTick             0x800'1aed   0x4c  Code  Gb  stm32f1xx_hal.o [4]
HAL_MspInit              0x800'2b01   0x58  Code  Gb  stm32f1xx_hal_msp.o [2]
HAL_NVIC_EnableIRQ       0x800'1cd9    0xe  Code  Gb  stm32f1xx_hal_cortex.o [4]
HAL_NVIC_SetPriority     0x800'1caf   0x2a  Code  Gb  stm32f1xx_hal_cortex.o [4]
HAL_NVIC_SetPriorityGrouping
                         0x800'1ca3    0xc  Code  Gb  stm32f1xx_hal_cortex.o [4]
HAL_RCC_ClockConfig      0x800'1893  0x170  Code  Gb  stm32f1xx_hal_rcc.o [4]
HAL_RCC_GetSysClockFreq
                         0x800'1a03   0x72  Code  Gb  stm32f1xx_hal_rcc.o [4]
HAL_RCC_OscConfig        0x800'1411  0x482  Code  Gb  stm32f1xx_hal_rcc.o [4]
HAL_SYSTICK_Config       0x800'1ce7    0xc  Code  Gb  stm32f1xx_hal_cortex.o [4]
HAL_TIMEx_BreakCallback
                         0x800'25c3    0x2  Code  Gb  stm32f1xx_hal_tim_ex.o [4]
HAL_TIMEx_CommutCallback
                         0x800'25c7    0x2  Code  Gb  stm32f1xx_hal_tim_ex.o [4]
HAL_TIMEx_MasterConfigSynchronization
                         0x800'25dd   0x6e  Code  Gb  stm32f1xx_hal_tim_ex.o [4]
HAL_TIM_IC_CaptureCallback
                         0x800'24e1   0xa6  Code  Gb  ultarsonic.o [2]
HAL_TIM_IC_CaptureCallback::icEnd
                        0x2000'013c    0x4  Data  Lc  ultarsonic.o [2]
HAL_TIM_IC_CaptureCallback::icStart
                        0x2000'0138    0x4  Data  Lc  ultarsonic.o [2]
HAL_TIM_IC_CaptureCallback::timeDiff
                        0x2000'0140    0x4  Data  Lc  ultarsonic.o [2]
HAL_TIM_IC_ConfigChannel
                         0x800'206f   0xca  Code  Gb  stm32f1xx_hal_tim.o [4]
HAL_TIM_IC_Init          0x800'1d15   0x6e  Code  Gb  stm32f1xx_hal_tim.o [4]
HAL_TIM_IC_MspInit       0x800'2425   0x72  Code  Gb  ultarsonic.o [2]
HAL_TIM_IC_Start_IT      0x800'1d83  0x16a  Code  Gb  stm32f1xx_hal_tim.o [4]
HAL_TIM_IRQHandler       0x800'1ef9  0x176  Code  Gb  stm32f1xx_hal_tim.o [4]
HAL_TIM_OC_DelayElapsedCallback
                         0x800'25bd    0x2  Code  Gb  stm32f1xx_hal_tim.o [4]
HAL_TIM_PWM_PulseFinishedCallback
                         0x800'25bf    0x2  Code  Gb  stm32f1xx_hal_tim.o [4]
HAL_TIM_PeriodElapsedCallback
                         0x800'25c1    0x2  Code  Gb  stm32f1xx_hal_tim.o [4]
HAL_TIM_ReadCapturedValue
                         0x800'2139   0x3a  Code  Gb  stm32f1xx_hal_tim.o [4]
HAL_TIM_TriggerCallback
                         0x800'25c5    0x2  Code  Gb  stm32f1xx_hal_tim.o [4]
HardFault_Handler        0x800'2b5b    0x2  Code  Gb  stm32f1xx_it.o [2]
I2C1_ER_IRQHandler       0x800'2b8f    0xa  Code  Gb  stm32f1xx_it.o [2]
I2C1_EV_IRQHandler       0x800'2b85    0xa  Code  Gb  stm32f1xx_it.o [2]
I2C_ConvertOtherXferOptions
                         0x800'1175   0x1c  Code  Lc  stm32f1xx_hal_i2c.o [4]
I2C_DMAAbort             0x800'1031   0xf6  Code  Lc  stm32f1xx_hal_i2c.o [4]
I2C_ITError              0x800'0e97  0x196  Code  Lc  stm32f1xx_hal_i2c.o [4]
I2C_MasterReceive_BTF    0x800'06c5  0x128  Code  Lc  stm32f1xx_hal_i2c.o [4]
I2C_MasterReceive_RXNE   0x800'05e1   0xe4  Code  Lc  stm32f1xx_hal_i2c.o [4]
I2C_MasterTransmit_BTF   0x800'0487   0x8e  Code  Lc  stm32f1xx_hal_i2c.o [4]
I2C_MasterTransmit_TXE   0x800'039f   0xe8  Code  Lc  stm32f1xx_hal_i2c.o [4]
I2C_Master_ADD10         0x800'089f   0x32  Code  Lc  stm32f1xx_hal_i2c.o [4]
I2C_Master_ADDR          0x800'08d1  0x258  Code  Lc  stm32f1xx_hal_i2c.o [4]
I2C_Master_SB            0x800'07ed   0xb2  Code  Lc  stm32f1xx_hal_i2c.o [4]
I2C_MemoryTransmit_TXE_BTF
                         0x800'0515   0xcc  Code  Lc  stm32f1xx_hal_i2c.o [4]
I2C_SlaveReceive_BTF     0x800'0be1   0x1c  Code  Lc  stm32f1xx_hal_i2c.o [4]
I2C_SlaveReceive_RXNE    0x800'0b93   0x4e  Code  Lc  stm32f1xx_hal_i2c.o [4]
I2C_SlaveTransmit_BTF    0x800'0b77   0x1c  Code  Lc  stm32f1xx_hal_i2c.o [4]
I2C_SlaveTransmit_TXE    0x800'0b29   0x4e  Code  Lc  stm32f1xx_hal_i2c.o [4]
I2C_Slave_ADDR           0x800'0bfd   0x5c  Code  Lc  stm32f1xx_hal_i2c.o [4]
I2C_Slave_AF             0x800'0df3   0xa4  Code  Lc  stm32f1xx_hal_i2c.o [4]
I2C_Slave_STOPF          0x800'0c59  0x19a  Code  Lc  stm32f1xx_hal_i2c.o [4]
I2C_WaitOnSTOPRequestThroughIT
                         0x800'1127   0x46  Code  Lc  stm32f1xx_hal_i2c.o [4]
MemManage_Handler        0x800'2b5d    0x2  Code  Gb  stm32f1xx_it.o [2]
NMI_Handler              0x800'2b59    0x2  Code  Gb  stm32f1xx_it.o [2]
NVIC_EncodePriority      0x800'1c31   0x42  Code  Lc  stm32f1xx_hal_cortex.o [4]
PendSV_Handler           0x800'2b67    0x2  Code  Gb  stm32f1xx_it.o [2]
RCC_Delay                0x800'1a75   0x26  Code  Lc  stm32f1xx_hal_rcc.o [4]
Region$$Table$$Base      0x800'2c4c          --   Gb  - Linker created -
Region$$Table$$Limit     0x800'2c70          --   Gb  - Linker created -
SVC_Handler              0x800'2b63    0x2  Code  Gb  stm32f1xx_it.o [2]
SysTick_Config           0x800'1c73   0x30  Code  Lc  stm32f1xx_hal_cortex.o [4]
SysTick_Handler          0x800'2b69    0x8  Code  Gb  stm32f1xx_it.o [2]
SystemClock_Config       0x800'2a6b   0x6e  Code  Gb  main.o [2]
SystemCoreClock         0x2000'0004    0x4  Data  Gb  system_stm32f1xx.o [3]
SystemInit               0x800'2da5    0x2  Code  Gb  system_stm32f1xx.o [3]
TIM1_CC_IRQHandler       0x800'2bb5    0xa  Code  Gb  stm32f1xx_it.o [2]
TIM_Base_SetConfig       0x800'2173   0x64  Code  Gb  stm32f1xx_hal_tim.o [4]
TIM_CCxChannelCmd        0x800'22e1   0x24  Code  Gb  stm32f1xx_hal_tim.o [4]
TIM_TI1_SetConfig        0x800'21d7   0x5c  Code  Gb  stm32f1xx_hal_tim.o [4]
TIM_TI2_SetConfig        0x800'2241   0x36  Code  Lc  stm32f1xx_hal_tim.o [4]
TIM_TI3_SetConfig        0x800'2277   0x34  Code  Lc  stm32f1xx_hal_tim.o [4]
TIM_TI4_SetConfig        0x800'22ab   0x36  Code  Lc  stm32f1xx_hal_tim.o [4]
UsageFault_Handler       0x800'2b61    0x2  Code  Gb  stm32f1xx_it.o [2]
__NVIC_EnableIRQ         0x800'1be7   0x1e  Code  Lc  stm32f1xx_hal_cortex.o [4]
__NVIC_GetPriorityGrouping
                         0x800'1bdd    0xa  Code  Lc  stm32f1xx_hal_cortex.o [4]
__NVIC_SetPriority       0x800'1c05   0x2c  Code  Lc  stm32f1xx_hal_cortex.o [4]
__NVIC_SetPriorityGrouping
                         0x800'1bc1   0x1c  Code  Lc  stm32f1xx_hal_cortex.o [4]
__aeabi_f2iz             0x800'29cd         Code  Gb  FltToS32.o [6]
__aeabi_fmul             0x800'28f5         Code  Gb  FltMul.o [6]
__aeabi_memcpy4          0x800'1b39         Code  Gb  ABImemcpy.o [7]
__aeabi_memcpy8          0x800'1b39         Code  Gb  ABImemcpy.o [7]
__aeabi_memset           0x800'29f5         Code  Gb  ABImemset.o [7]
__aeabi_ui2f             0x800'28d9         Code  Gb  U32ToFlt.o [6]
__cmain                  0x800'2c71         Code  Gb  cmain.o [7]
__exit                   0x800'2ca5   0x14  Code  Gb  exit.o [8]
__iar_Memset             0x800'29f5         Code  Gb  ABImemset.o [7]
__iar_Memset_word        0x800'29fd         Code  Gb  ABImemset.o [7]
__iar_copy_init3         0x800'13e7   0x2a  Code  Gb  copy_init3.o [7]
__iar_data_init3         0x800'2c25   0x28  Code  Gb  data_init.o [7]
__iar_program_start      0x800'2cb9         Code  Gb  cstartup_M.o [7]
__iar_zero_init3         0x800'2bed   0x38  Code  Gb  zero_init3.o [7]
__low_level_init         0x800'2c8f    0x4  Code  Gb  low_level_init.o [5]
__vector_table           0x800'0000         Data  Gb  startup_stm32f103xb.o [1]
_call_main               0x800'2c7d         Code  Gb  cmain.o [7]
_exit                    0x800'2c99         Code  Gb  cexit.o [7]
counter                 0x2000'0134    0x4  Data  Lc  ultarsonic.o [2]
distance                0x2000'0144    0x2  Data  Lc  ultarsonic.o [2]
exit                     0x800'2c93    0x4  Code  Gb  exit.o [5]
hdma_i2c1_rx            0x2000'00a8   0x44  Data  Gb  display.o [2]
hdma_i2c1_tx            0x2000'00ec   0x44  Data  Gb  display.o [2]
hi2c1                   0x2000'000c   0x54  Data  Gb  display.o [2]
htim1                   0x2000'0060   0x48  Data  Gb  ultarsonic.o [2]
main                     0x800'2a5b   0x10  Code  Gb  main.o [2]
memset                   0x800'25c9   0x14  Code  Gb  memset.o [7]
runningMeasurement      0x2000'0147    0x1  Data  Lc  ultarsonic.o [2]
startMeasurement        0x2000'0146    0x1  Data  Lc  ultarsonic.o [2]
ultrasonic_init          0x800'2305  0x120  Code  Gb  ultarsonic.o [2]
uwTick                  0x2000'0130    0x4  Data  Gb  stm32f1xx_hal.o [4]
uwTickFreq              0x2000'0008    0x1  Data  Gb  stm32f1xx_hal.o [4]
uwTickPrio              0x2000'0000    0x4  Data  Gb  stm32f1xx_hal.o [4]


[1] = D:\GitHub\STM32F1XX_Ultrasonic\EWARM\Ultrasonic\Obj\Application\EWARM
[2] = D:\GitHub\STM32F1XX_Ultrasonic\EWARM\Ultrasonic\Obj\Application\User\Core
[3] = D:\GitHub\STM32F1XX_Ultrasonic\EWARM\Ultrasonic\Obj\Drivers\CMSIS
[4] = D:\GitHub\STM32F1XX_Ultrasonic\EWARM\Ultrasonic\Obj\Drivers\STM32F1xx_HAL_Driver
[5] = dl7M_tln.a
[6] = m7M_tl.a
[7] = rt7M_tl.a
[8] = shb_l.a

  11'604 bytes of readonly  code memory
      82 bytes of readonly  data memory
   1'349 bytes of readwrite data memory

Errors: none
Warnings: none
